// Jest Snapshot v1, https://goo.gl/fbAQLP

exports[`renders without crashing 1`] = `
<div
  className="text-left"
  dir="ltr"
>
  <div
    className="container text-center"
  >
    <div
      className="row"
    >
      <div
        className="col"
      >
        <h1>
          Home Page
        </h1>
      </div>
    </div>
    <div
      className="row justify-content-center border-top py-3"
    >
      <a
        className="btn btn-home"
        href="/singleplayer"
        onClick={[Function]}
      >
        Single Player
      </a>
    </div>
    <div
      className="row justify-content-center border-top py-3"
    >
      <a
        className="btn btn-home"
        href="/multiplayer"
        onClick={[Function]}
      >
        Local Multiplayer
      </a>
    </div>
    <div
      className="row justify-content-center border-top py-3"
    >
      <a
        className="btn btn-home"
        href="/online"
        onClick={[Function]}
      >
        <span>
          Online
        </span>
      </a>
    </div>
    <div
      className="row justify-content-center border-top py-3"
    >
      <a
        className="btn btn-home"
        href="/tutorial"
        onClick={[Function]}
      >
        How to play
      </a>
    </div>
    <div
      className="row justify-content-center border-top py-3"
    >
      <a
        className="btn btn-home"
        href="/contributors"
        onClick={[Function]}
      >
        <span>
          Contributors
        </span>
      </a>
    </div>
  </div>
  <div
    className="row h-100 justify-content-center align-items-center"
  >
    <button
      disabled={false}
      onClick={[Function]}
      style={
        Object {
          "backgroundColor": "#4285f4",
          "border": "none",
          "borderRadius": "1px",
          "boxShadow": "0 2px 4px 0 rgba(0,0,0,.25)",
          "color": "#fff",
          "cursor": "pointer",
          "display": "block",
          "fontFamily": "Roboto,arial,sans-serif",
          "fontSize": "16px",
          "height": "50px",
          "lineHeight": "48px",
          "textAlign": "center",
          "transition": "background-color .218s, border-color .218s, box-shadow .218s",
          "userSelect": "none",
          "verticalAlign": "center",
          "width": "240px",
        }
      }
      type="button"
    >
      <div
        style={
          Object {
            "backgroundColor": "#fff",
            "borderRadius": "1px",
            "display": "block",
            "float": "left",
            "height": "48px",
            "marginLeft": "1px",
            "marginTop": "1px",
            "textAlign": "center",
            "verticalAlign": "center",
            "whiteSpace": "nowrap",
            "width": "48px",
          }
        }
      >
        <svg
          style={
            Object {
              "display": "block",
              "height": "48px",
              "width": "48px",
            }
          }
        >
          GoogleButtonIcon.svg
        </svg>
      </div>
      <span>
        Sign in with Google
      </span>
    </button>
    <a
      className="ml-5 btn btn-danger"
      href="/"
      onClick={[Function]}
    >
      Back
    </a>
  </div>
  <div
    className="notification-container notification-container-empty"
  >
    <div />
  </div>
</div>
`;
